[INFO] Scanning for projects...
[INFO] 
[INFO] --------------------------< com.hexaco:hrms >---------------------------
[INFO] Building hrms 0.0.1-SNAPSHOT
[INFO]   from pom.xml
[INFO] --------------------------------[ jar ]---------------------------------
[INFO] 
[INFO] --- resources:3.3.1:resources (default-resources) @ hrms ---
[INFO] Copying 1 resource from src\main\resources to target\classes
[INFO] Copying 0 resource from src\main\resources to target\classes
[INFO] 
[INFO] --- compiler:3.14.1:compile (default-compile) @ hrms ---
[INFO] Recompiling the module because of changed source code.
[INFO] Compiling 91 source files with javac [debug parameters release 21] to target\classes
[INFO] -------------------------------------------------------------
[ERROR] COMPILATION ERROR : 
[INFO] -------------------------------------------------------------
[ERROR] /C:/Documents/hrms_project/Nexora_HRMS_backend/src/main/java/com/hexaco/hrms/repository/TrainingFeedbackRepository.java:[19,42] method findByTrainingEventIdAndEmployeeId(java.lang.Long,java.lang.Long) is already defined in interface com.hexaco.hrms.repository.TrainingFeedbackRepository
[ERROR] /C:/Documents/hrms_project/Nexora_HRMS_backend/src/main/java/com/hexaco/hrms/config/DataInitializer.java:[36,35] cannot find symbol
  symbol:   method getDesignationName()
  location: variable d of type com.hexaco.hrms.models.Designation
[ERROR] /C:/Documents/hrms_project/Nexora_HRMS_backend/src/main/java/com/hexaco/hrms/config/DataInitializer.java:[38,76] cannot find symbol
  symbol:   method builder()
  location: class com.hexaco.hrms.models.Designation
[ERROR] /C:/Documents/hrms_project/Nexora_HRMS_backend/src/main/java/com/hexaco/hrms/config/DataInitializer.java:[58,41] cannot find symbol
  symbol:   method builder()
  location: class com.hexaco.hrms.models.Role
[ERROR] /C:/Documents/hrms_project/Nexora_HRMS_backend/src/main/java/com/hexaco/hrms/config/DataInitializer.java:[71,37] cannot find symbol
  symbol:   method getDesignationName()
  location: variable d of type com.hexaco.hrms.models.Designation
[ERROR] /C:/Documents/hrms_project/Nexora_HRMS_backend/src/main/java/com/hexaco/hrms/config/DataInitializer.java:[73,55] cannot find symbol
  symbol:   method builder()
  location: class com.hexaco.hrms.models.Designation
[ERROR] /C:/Documents/hrms_project/Nexora_HRMS_backend/src/main/java/com/hexaco/hrms/config/DataInitializer.java:[84,31] cannot find symbol
  symbol:   method getEmail()
  location: variable e of type com.hexaco.hrms.models.Employee
[ERROR] /C:/Documents/hrms_project/Nexora_HRMS_backend/src/main/java/com/hexaco/hrms/config/DataInitializer.java:[86,66] cannot find symbol
  symbol:   method builder()
  location: class com.hexaco.hrms.models.Employee
[ERROR] /C:/Documents/hrms_project/Nexora_HRMS_backend/src/main/java/com/hexaco/hrms/config/DataInitializer.java:[109,25] cannot find symbol
  symbol:   method setPasswordHash(java.lang.String)
  location: variable user of type com.hexaco.hrms.models.UserAccount
[ERROR] /C:/Documents/hrms_project/Nexora_HRMS_backend/src/main/java/com/hexaco/hrms/config/DataInitializer.java:[112,61] cannot find symbol
  symbol:   method builder()
  location: class com.hexaco.hrms.models.UserAccount
[ERROR] /C:/Documents/hrms_project/Nexora_HRMS_backend/src/main/java/com/hexaco/hrms/config/DataInitializer.java:[124,25] cannot find symbol
  symbol:   method setPasswordHash(java.lang.String)
  location: variable user of type com.hexaco.hrms.models.UserAccount
[ERROR] /C:/Documents/hrms_project/Nexora_HRMS_backend/src/main/java/com/hexaco/hrms/config/DataInitializer.java:[127,61] cannot find symbol
  symbol:   method builder()
  location: class com.hexaco.hrms.models.UserAccount
[ERROR] /C:/Documents/hrms_project/Nexora_HRMS_backend/src/main/java/com/hexaco/hrms/service/UserDetailsServiceImpl.java:[29,28] cannot find symbol
  symbol:   method getEmail()
  location: variable userAccount of type com.hexaco.hrms.models.UserAccount
[ERROR] /C:/Documents/hrms_project/Nexora_HRMS_backend/src/main/java/com/hexaco/hrms/service/UserDetailsServiceImpl.java:[30,28] cannot find symbol
  symbol:   method getPasswordHash()
  location: variable userAccount of type com.hexaco.hrms.models.UserAccount
[ERROR] /C:/Documents/hrms_project/Nexora_HRMS_backend/src/main/java/com/hexaco/hrms/service/UserDetailsServiceImpl.java:[31,81] cannot find symbol
  symbol:   method getRole()
  location: variable userAccount of type com.hexaco.hrms.models.UserAccount
[ERROR] /C:/Documents/hrms_project/Nexora_HRMS_backend/src/main/java/com/hexaco/hrms/rest/AuthController.java:[37,85] cannot find symbol
  symbol:   method getEmail()
  location: variable loginRequest of type com.hexaco.hrms.dto.LoginRequest
[ERROR] /C:/Documents/hrms_project/Nexora_HRMS_backend/src/main/java/com/hexaco/hrms/rest/AuthController.java:[38,61] cannot find symbol
  symbol:   method getPassword()
  location: variable loginRequest of type com.hexaco.hrms.dto.LoginRequest
[ERROR] /C:/Documents/hrms_project/Nexora_HRMS_backend/src/main/java/com/hexaco/hrms/rest/AuthController.java:[45,89] cannot find symbol
  symbol:   method getEmail()
  location: variable loginRequest of type com.hexaco.hrms.dto.LoginRequest
[ERROR] /C:/Documents/hrms_project/Nexora_HRMS_backend/src/main/java/com/hexaco/hrms/rest/AuthController.java:[70,47] cannot find symbol
  symbol:   method getRole()
  location: variable userAccount of type com.hexaco.hrms.models.UserAccount
[ERROR] /C:/Documents/hrms_project/Nexora_HRMS_backend/src/main/java/com/hexaco/hrms/rest/AuthController.java:[72,53] cannot find symbol
  symbol:   method getEmployee()
  location: variable userAccount of type com.hexaco.hrms.models.UserAccount
[ERROR] /C:/Documents/hrms_project/Nexora_HRMS_backend/src/main/java/com/hexaco/hrms/rest/AuthController.java:[75,64] cannot find symbol
  symbol:   method getEmail()
  location: variable userAccount of type com.hexaco.hrms.models.UserAccount
[ERROR] /C:/Documents/hrms_project/Nexora_HRMS_backend/src/main/java/com/hexaco/hrms/rest/AuthController.java:[79,53] cannot find symbol
  symbol:   method builder()
  location: class com.hexaco.hrms.dto.JwtResponse
[ERROR] /C:/Documents/hrms_project/Nexora_HRMS_backend/src/main/java/com/hexaco/hrms/rest/AuthController.java:[81,51] cannot find symbol
  symbol:   method getEmail()
  location: variable userAccount of type com.hexaco.hrms.models.UserAccount
[ERROR] /C:/Documents/hrms_project/Nexora_HRMS_backend/src/main/java/com/hexaco/hrms/rest/AuthController.java:[82,48] cannot find symbol
  symbol:   method getEmployee()
  location: variable userAccount of type com.hexaco.hrms.models.UserAccount
[ERROR] /C:/Documents/hrms_project/Nexora_HRMS_backend/src/main/java/com/hexaco/hrms/rest/AuthController.java:[83,50] cannot find symbol
  symbol:   method getRole()
  location: variable userAccount of type com.hexaco.hrms.models.UserAccount
[ERROR] /C:/Documents/hrms_project/Nexora_HRMS_backend/src/main/java/com/hexaco/hrms/rest/AuthController.java:[84,50] cannot find symbol
  symbol:   method getEmployee()
  location: variable userAccount of type com.hexaco.hrms.models.UserAccount
[ERROR] /C:/Documents/hrms_project/Nexora_HRMS_backend/src/main/java/com/hexaco/hrms/rest/AuthController.java:[85,57] cannot find symbol
  symbol:   method getEmployee()
  location: variable userAccount of type com.hexaco.hrms.models.UserAccount
[ERROR] /C:/Documents/hrms_project/Nexora_HRMS_backend/src/main/java/com/hexaco/hrms/rest/AuthController.java:[86,62] cannot find symbol
  symbol:   method getEmployee()
  location: variable userAccount of type com.hexaco.hrms.models.UserAccount
[ERROR] /C:/Documents/hrms_project/Nexora_HRMS_backend/src/main/java/com/hexaco/hrms/rest/AuthController.java:[97,55] cannot find symbol
  symbol:   method getEmployee()
  location: variable userAccount of type com.hexaco.hrms.models.UserAccount
[ERROR] /C:/Documents/hrms_project/Nexora_HRMS_backend/src/main/java/com/hexaco/hrms/rest/AuthController.java:[98,56] cannot find symbol
  symbol:   method getEmployee()
  location: variable userAccount of type com.hexaco.hrms.models.UserAccount
[ERROR] /C:/Documents/hrms_project/Nexora_HRMS_backend/src/main/java/com/hexaco/hrms/rest/AuthController.java:[99,52] cannot find symbol
  symbol:   method getEmployee()
  location: variable userAccount of type com.hexaco.hrms.models.UserAccount
[ERROR] /C:/Documents/hrms_project/Nexora_HRMS_backend/src/main/java/com/hexaco/hrms/service/DeathRequestService.java:[42,16] cannot find symbol
  symbol:   method getEmployeeIdString()
  location: variable dto of type com.hexaco.hrms.dto.DeathRequestDto
[ERROR] /C:/Documents/hrms_project/Nexora_HRMS_backend/src/main/java/com/hexaco/hrms/service/DeathRequestService.java:[42,54] cannot find symbol
  symbol:   method getEmployeeIdString()
  location: variable dto of type com.hexaco.hrms.dto.DeathRequestDto
[ERROR] /C:/Documents/hrms_project/Nexora_HRMS_backend/src/main/java/com/hexaco/hrms/service/DeathRequestService.java:[43,65] cannot find symbol
  symbol:   method getEmployeeIdString()
  location: variable dto of type com.hexaco.hrms.dto.DeathRequestDto
[ERROR] /C:/Documents/hrms_project/Nexora_HRMS_backend/src/main/java/com/hexaco/hrms/service/DeathRequestService.java:[44,69] cannot find symbol
  symbol:   method getEmployeeId()
  location: variable dto of type com.hexaco.hrms.dto.DeathRequestDto
[ERROR] /C:/Documents/hrms_project/Nexora_HRMS_backend/src/main/java/com/hexaco/hrms/service/DeathRequestService.java:[45,99] cannot find symbol
  symbol:   method getEmployeeIdString()
  location: variable dto of type com.hexaco.hrms.dto.DeathRequestDto
[ERROR] /C:/Documents/hrms_project/Nexora_HRMS_backend/src/main/java/com/hexaco/hrms/service/DeathRequestService.java:[47,55] cannot find symbol
  symbol:   method getEmployeeId()
  location: variable dto of type com.hexaco.hrms.dto.DeathRequestDto
[ERROR] /C:/Documents/hrms_project/Nexora_HRMS_backend/src/main/java/com/hexaco/hrms/service/DeathRequestService.java:[51,44] cannot find symbol
  symbol:   method builder()
  location: class com.hexaco.hrms.models.DeathRequest
[ERROR] /C:/Documents/hrms_project/Nexora_HRMS_backend/src/main/java/com/hexaco/hrms/service/DeathRequestService.java:[53,34] cannot find symbol
  symbol:   method getEmployeeName()
  location: variable dto of type com.hexaco.hrms.dto.DeathRequestDto
[ERROR] /C:/Documents/hrms_project/Nexora_HRMS_backend/src/main/java/com/hexaco/hrms/service/DeathRequestService.java:[54,38] cannot find symbol
  symbol:   method getEmployeeIdString()
  location: variable dto of type com.hexaco.hrms.dto.DeathRequestDto
[ERROR] /C:/Documents/hrms_project/Nexora_HRMS_backend/src/main/java/com/hexaco/hrms/service/DeathRequestService.java:[55,33] cannot find symbol
  symbol:   method getDateOfDeath()
  location: variable dto of type com.hexaco.hrms.dto.DeathRequestDto
[ERROR] /C:/Documents/hrms_project/Nexora_HRMS_backend/src/main/java/com/hexaco/hrms/service/DeathRequestService.java:[56,35] cannot find symbol
  symbol:   method getNatureOfDeath()
  location: variable dto of type com.hexaco.hrms.dto.DeathRequestDto
[ERROR] /C:/Documents/hrms_project/Nexora_HRMS_backend/src/main/java/com/hexaco/hrms/service/DeathRequestService.java:[57,35] cannot find symbol
  symbol:   method getRequesterName()
  location: variable dto of type com.hexaco.hrms.dto.DeathRequestDto
[ERROR] /C:/Documents/hrms_project/Nexora_HRMS_backend/src/main/java/com/hexaco/hrms/service/DeathRequestService.java:[58,37] cannot find symbol
  symbol:   method getRequesterBranch()
  location: variable dto of type com.hexaco.hrms.dto.DeathRequestDto
[ERROR] /C:/Documents/hrms_project/Nexora_HRMS_backend/src/main/java/com/hexaco/hrms/service/DeathRequestService.java:[59,42] cannot find symbol
  symbol:   method getRequesterDesignation()
  location: variable dto of type com.hexaco.hrms.dto.DeathRequestDto
[ERROR] /C:/Documents/hrms_project/Nexora_HRMS_backend/src/main/java/com/hexaco/hrms/service/DeathRequestService.java:[60,36] cannot find symbol
  symbol:   method getRequesterEmpId()
  location: variable dto of type com.hexaco.hrms.dto.DeathRequestDto
[ERROR] /C:/Documents/hrms_project/Nexora_HRMS_backend/src/main/java/com/hexaco/hrms/service/DeathRequestService.java:[61,29] cannot find symbol
  symbol:   method getAddress()
  location: variable dto of type com.hexaco.hrms.dto.DeathRequestDto
[ERROR] /C:/Documents/hrms_project/Nexora_HRMS_backend/src/main/java/com/hexaco/hrms/service/DeathRequestService.java:[62,35] cannot find symbol
  symbol:   method getContactNumber()
  location: variable dto of type com.hexaco.hrms.dto.DeathRequestDto
[ERROR] /C:/Documents/hrms_project/Nexora_HRMS_backend/src/main/java/com/hexaco/hrms/service/DeathRequestService.java:[63,35] cannot find symbol
  symbol:   method getSpecialRemark()
  location: variable dto of type com.hexaco.hrms.dto.DeathRequestDto
[ERROR] /C:/Documents/hrms_project/Nexora_HRMS_backend/src/main/java/com/hexaco/hrms/service/DeathRequestService.java:[64,28] cannot find symbol
  symbol:   method getStatus()
  location: variable dto of type com.hexaco.hrms.dto.DeathRequestDto
[ERROR] /C:/Documents/hrms_project/Nexora_HRMS_backend/src/main/java/com/hexaco/hrms/service/DeathRequestService.java:[64,62] cannot find symbol
  symbol:   method getStatus()
  location: variable dto of type com.hexaco.hrms.dto.DeathRequestDto
[ERROR] /C:/Documents/hrms_project/Nexora_HRMS_backend/src/main/java/com/hexaco/hrms/service/DeathRequestService.java:[65,33] cannot find symbol
  symbol:   method getNomineeName()
  location: variable dto of type com.hexaco.hrms.dto.DeathRequestDto
[ERROR] /C:/Documents/hrms_project/Nexora_HRMS_backend/src/main/java/com/hexaco/hrms/service/DeathRequestService.java:[66,33] cannot find symbol
  symbol:   method getNomineeBank()
  location: variable dto of type com.hexaco.hrms.dto.DeathRequestDto
[ERROR] /C:/Documents/hrms_project/Nexora_HRMS_backend/src/main/java/com/hexaco/hrms/service/DeathRequestService.java:[67,35] cannot find symbol
  symbol:   method getNomineeBranch()
  location: variable dto of type com.hexaco.hrms.dto.DeathRequestDto
[ERROR] /C:/Documents/hrms_project/Nexora_HRMS_backend/src/main/java/com/hexaco/hrms/service/DeathRequestService.java:[68,36] cannot find symbol
  symbol:   method getNomineeAccount()
  location: variable dto of type com.hexaco.hrms.dto.DeathRequestDto
[ERROR] /C:/Documents/hrms_project/Nexora_HRMS_backend/src/main/java/com/hexaco/hrms/service/DeathRequestService.java:[69,41] cannot find symbol
  symbol:   method getDeathCertificateDoc()
  location: variable dto of type com.hexaco.hrms.dto.DeathRequestDto
[ERROR] /C:/Documents/hrms_project/Nexora_HRMS_backend/src/main/java/com/hexaco/hrms/service/DeathRequestService.java:[70,34] cannot find symbol
  symbol:   method getNomineeIdDoc()
  location: variable dto of type com.hexaco.hrms.dto.DeathRequestDto
[ERROR] /C:/Documents/hrms_project/Nexora_HRMS_backend/src/main/java/com/hexaco/hrms/service/DeathRequestService.java:[71,38] cannot find symbol
  symbol:   method getRequestLetterDoc()
  location: variable dto of type com.hexaco.hrms.dto.DeathRequestDto
[ERROR] /C:/Documents/hrms_project/Nexora_HRMS_backend/src/main/java/com/hexaco/hrms/service/DeathRequestService.java:[72,30] cannot find symbol
  symbol:   method getHrRemark()
  location: variable dto of type com.hexaco.hrms.dto.DeathRequestDto
[ERROR] /C:/Documents/hrms_project/Nexora_HRMS_backend/src/main/java/com/hexaco/hrms/service/DeathRequestService.java:[81,35] cannot find symbol
  symbol:   method getNominee()
  location: variable employee of type com.hexaco.hrms.models.Employee
[ERROR] /C:/Documents/hrms_project/Nexora_HRMS_backend/src/main/java/com/hexaco/hrms/service/DeathRequestService.java:[84,58] cannot find symbol
  symbol:   method getId()
  location: variable employee of type com.hexaco.hrms.models.Employee
[ERROR] /C:/Documents/hrms_project/Nexora_HRMS_backend/src/main/java/com/hexaco/hrms/service/DeathRequestService.java:[87,26] cannot find symbol
  symbol:   method setEmployee(com.hexaco.hrms.models.Employee)
  location: variable n of type com.hexaco.hrms.models.Nominee
[ERROR] /C:/Documents/hrms_project/Nexora_HRMS_backend/src/main/java/com/hexaco/hrms/service/DeathRequestService.java:[92,35] cannot find symbol
  symbol:   method getNomineeName()
  location: variable dto of type com.hexaco.hrms.dto.DeathRequestDto
[ERROR] /C:/Documents/hrms_project/Nexora_HRMS_backend/src/main/java/com/hexaco/hrms/service/DeathRequestService.java:[93,36] cannot find symbol
  symbol:   method getNomineeRelationship()
  location: variable dto of type com.hexaco.hrms.dto.DeathRequestDto
[ERROR] /C:/Documents/hrms_project/Nexora_HRMS_backend/src/main/java/com/hexaco/hrms/service/DeathRequestService.java:[94,27] cannot find symbol
  symbol:   method getNomineeNic()
  location: variable dto of type com.hexaco.hrms.dto.DeathRequestDto
[ERROR] /C:/Documents/hrms_project/Nexora_HRMS_backend/src/main/java/com/hexaco/hrms/service/DeathRequestService.java:[95,31] cannot find symbol
  symbol:   method getNomineePhone()
  location: variable dto of type com.hexaco.hrms.dto.DeathRequestDto
[ERROR] /C:/Documents/hrms_project/Nexora_HRMS_backend/src/main/java/com/hexaco/hrms/service/DeathRequestService.java:[96,31] cannot find symbol
  symbol:   method getNomineeAddress()
  location: variable dto of type com.hexaco.hrms.dto.DeathRequestDto
[ERROR] /C:/Documents/hrms_project/Nexora_HRMS_backend/src/main/java/com/hexaco/hrms/service/DeathRequestService.java:[97,32] cannot find symbol
  symbol:   method getNomineeBank()
  location: variable dto of type com.hexaco.hrms.dto.DeathRequestDto
[ERROR] /C:/Documents/hrms_project/Nexora_HRMS_backend/src/main/java/com/hexaco/hrms/service/DeathRequestService.java:[98,34] cannot find symbol
  symbol:   method getNomineeBranch()
  location: variable dto of type com.hexaco.hrms.dto.DeathRequestDto
[ERROR] /C:/Documents/hrms_project/Nexora_HRMS_backend/src/main/java/com/hexaco/hrms/service/DeathRequestService.java:[99,37] cannot find symbol
  symbol:   method getNomineeAccount()
  location: variable dto of type com.hexaco.hrms.dto.DeathRequestDto
[ERROR] /C:/Documents/hrms_project/Nexora_HRMS_backend/src/main/java/com/hexaco/hrms/service/DeathRequestService.java:[109,36] cannot find symbol
  symbol:   method getEmployeeName()
  location: variable dto of type com.hexaco.hrms.dto.DeathRequestDto
[ERROR] /C:/Documents/hrms_project/Nexora_HRMS_backend/src/main/java/com/hexaco/hrms/service/DeathRequestService.java:[110,40] cannot find symbol
  symbol:   method getEmployeeIdString()
  location: variable dto of type com.hexaco.hrms.dto.DeathRequestDto
[ERROR] /C:/Documents/hrms_project/Nexora_HRMS_backend/src/main/java/com/hexaco/hrms/service/DeathRequestService.java:[111,35] cannot find symbol
  symbol:   method getDateOfDeath()
  location: variable dto of type com.hexaco.hrms.dto.DeathRequestDto
[ERROR] /C:/Documents/hrms_project/Nexora_HRMS_backend/src/main/java/com/hexaco/hrms/service/DeathRequestService.java:[112,37] cannot find symbol
  symbol:   method getNatureOfDeath()
  location: variable dto of type com.hexaco.hrms.dto.DeathRequestDto
[ERROR] /C:/Documents/hrms_project/Nexora_HRMS_backend/src/main/java/com/hexaco/hrms/service/DeathRequestService.java:[113,37] cannot find symbol
  symbol:   method getRequesterName()
  location: variable dto of type com.hexaco.hrms.dto.DeathRequestDto
[ERROR] /C:/Documents/hrms_project/Nexora_HRMS_backend/src/main/java/com/hexaco/hrms/service/DeathRequestService.java:[114,39] cannot find symbol
  symbol:   method getRequesterBranch()
  location: variable dto of type com.hexaco.hrms.dto.DeathRequestDto
[ERROR] /C:/Documents/hrms_project/Nexora_HRMS_backend/src/main/java/com/hexaco/hrms/service/DeathRequestService.java:[115,44] cannot find symbol
  symbol:   method getRequesterDesignation()
  location: variable dto of type com.hexaco.hrms.dto.DeathRequestDto
[ERROR] /C:/Documents/hrms_project/Nexora_HRMS_backend/src/main/java/com/hexaco/hrms/service/DeathRequestService.java:[116,38] cannot find symbol
  symbol:   method getRequesterEmpId()
  location: variable dto of type com.hexaco.hrms.dto.DeathRequestDto
[ERROR] /C:/Documents/hrms_project/Nexora_HRMS_backend/src/main/java/com/hexaco/hrms/service/DeathRequestService.java:[117,31] cannot find symbol
  symbol:   method getAddress()
  location: variable dto of type com.hexaco.hrms.dto.DeathRequestDto
[ERROR] /C:/Documents/hrms_project/Nexora_HRMS_backend/src/main/java/com/hexaco/hrms/service/DeathRequestService.java:[118,37] cannot find symbol
  symbol:   method getContactNumber()
  location: variable dto of type com.hexaco.hrms.dto.DeathRequestDto
[ERROR] /C:/Documents/hrms_project/Nexora_HRMS_backend/src/main/java/com/hexaco/hrms/service/DeathRequestService.java:[119,37] cannot find symbol
  symbol:   method getSpecialRemark()
  location: variable dto of type com.hexaco.hrms.dto.DeathRequestDto
[ERROR] /C:/Documents/hrms_project/Nexora_HRMS_backend/src/main/java/com/hexaco/hrms/service/DeathRequestService.java:[120,30] cannot find symbol
  symbol:   method getStatus()
  location: variable dto of type com.hexaco.hrms.dto.DeathRequestDto
[ERROR] /C:/Documents/hrms_project/Nexora_HRMS_backend/src/main/java/com/hexaco/hrms/service/DeathRequestService.java:[121,35] cannot find symbol
  symbol:   method getNomineeName()
  location: variable dto of type com.hexaco.hrms.dto.DeathRequestDto
[ERROR] /C:/Documents/hrms_project/Nexora_HRMS_backend/src/main/java/com/hexaco/hrms/service/DeathRequestService.java:[122,35] cannot find symbol
  symbol:   method getNomineeBank()
  location: variable dto of type com.hexaco.hrms.dto.DeathRequestDto
[ERROR] /C:/Documents/hrms_project/Nexora_HRMS_backend/src/main/java/com/hexaco/hrms/service/DeathRequestService.java:[123,37] cannot find symbol
  symbol:   method getNomineeBranch()
  location: variable dto of type com.hexaco.hrms.dto.DeathRequestDto
[ERROR] /C:/Documents/hrms_project/Nexora_HRMS_backend/src/main/java/com/hexaco/hrms/service/DeathRequestService.java:[124,38] cannot find symbol
  symbol:   method getNomineeAccount()
  location: variable dto of type com.hexaco.hrms.dto.DeathRequestDto
[ERROR] /C:/Documents/hrms_project/Nexora_HRMS_backend/src/main/java/com/hexaco/hrms/service/DeathRequestService.java:[125,43] cannot find symbol
  symbol:   method getDeathCertificateDoc()
  location: variable dto of type com.hexaco.hrms.dto.DeathRequestDto
[ERROR] /C:/Documents/hrms_project/Nexora_HRMS_backend/src/main/java/com/hexaco/hrms/service/DeathRequestService.java:[126,36] cannot find symbol
  symbol:   method getNomineeIdDoc()
  location: variable dto of type com.hexaco.hrms.dto.DeathRequestDto
[ERROR] /C:/Documents/hrms_project/Nexora_HRMS_backend/src/main/java/com/hexaco/hrms/service/DeathRequestService.java:[127,40] cannot find symbol
  symbol:   method getRequestLetterDoc()
  location: variable dto of type com.hexaco.hrms.dto.DeathRequestDto
[ERROR] /C:/Documents/hrms_project/Nexora_HRMS_backend/src/main/java/com/hexaco/hrms/service/DeathRequestService.java:[128,32] cannot find symbol
  symbol:   method getHrRemark()
  location: variable dto of type com.hexaco.hrms.dto.DeathRequestDto
[ERROR] /C:/Documents/hrms_project/Nexora_HRMS_backend/src/main/java/com/hexaco/hrms/service/DeathRequestService.java:[131,30] cannot find symbol
  symbol:   method getEmployee()
  location: variable request of type com.hexaco.hrms.models.DeathRequest
[ERROR] /C:/Documents/hrms_project/Nexora_HRMS_backend/src/main/java/com/hexaco/hrms/service/DeathRequestService.java:[142,16] cannot find symbol
  symbol:   method setStatus(java.lang.String)
  location: variable request of type com.hexaco.hrms.models.DeathRequest
[ERROR] /C:/Documents/hrms_project/Nexora_HRMS_backend/src/main/java/com/hexaco/hrms/service/DeathRequestService.java:[149,16] cannot find symbol
  symbol:   method setStatus(java.lang.String)
  location: variable request of type com.hexaco.hrms.models.DeathRequest
[ERROR] /C:/Documents/hrms_project/Nexora_HRMS_backend/src/main/java/com/hexaco/hrms/service/DeathRequestService.java:[150,16] cannot find symbol
  symbol:   method setHrRemark(java.lang.String)
  location: variable request of type com.hexaco.hrms.models.DeathRequest
[ERROR] /C:/Documents/hrms_project/Nexora_HRMS_backend/src/main/java/com/hexaco/hrms/service/DeathRequestService.java:[157,16] cannot find symbol
  symbol:   method setStatus(java.lang.String)
  location: variable request of type com.hexaco.hrms.models.DeathRequest
[ERROR] /C:/Documents/hrms_project/Nexora_HRMS_backend/src/main/java/com/hexaco/hrms/service/DeathRequestService.java:[165,16] cannot find symbol
  symbol:   method setStatus(java.lang.String)
  location: variable request of type com.hexaco.hrms.models.DeathRequest
[ERROR] /C:/Documents/hrms_project/Nexora_HRMS_backend/src/main/java/com/hexaco/hrms/service/DeathRequestService.java:[166,46] cannot find symbol
  symbol:   method setBoardMeetingDate(java.lang.String)
  location: variable request of type com.hexaco.hrms.models.DeathRequest
[ERROR] /C:/Documents/hrms_project/Nexora_HRMS_backend/src/main/java/com/hexaco/hrms/service/DeathRequestService.java:[171,31] cannot find symbol
  symbol:   method builder()
  location: class com.hexaco.hrms.dto.DeathRequestDto
[ERROR] /C:/Documents/hrms_project/Nexora_HRMS_backend/src/main/java/com/hexaco/hrms/service/DeathRequestService.java:[172,28] cannot find symbol
  symbol:   method getId()
  location: variable request of type com.hexaco.hrms.models.DeathRequest
[ERROR] /C:/Documents/hrms_project/Nexora_HRMS_backend/src/main/java/com/hexaco/hrms/service/DeathRequestService.java:[173,36] cannot find symbol
  symbol:   method getEmployee()
  location: variable request of type com.hexaco.hrms.models.DeathRequest
[INFO] 100 errors 
[INFO] -------------------------------------------------------------
[INFO] ------------------------------------------------------------------------
[INFO] BUILD FAILURE
[INFO] ------------------------------------------------------------------------
[INFO] Total time:  4.622 s
[INFO] Finished at: 2026-04-29T00:27:11+05:30
[INFO] ------------------------------------------------------------------------
[ERROR] Failed to execute goal org.apache.maven.plugins:maven-compiler-plugin:3.14.1:compile (default-compile) on project hrms: Compilation failure: Compilation failure: 
[ERROR] /C:/Documents/hrms_project/Nexora_HRMS_backend/src/main/java/com/hexaco/hrms/repository/TrainingFeedbackRepository.java:[19,42] method findByTrainingEventIdAndEmployeeId(java.lang.Long,java.lang.Long) is already defined in interface com.hexaco.hrms.repository.TrainingFeedbackRepository
[ERROR] /C:/Documents/hrms_project/Nexora_HRMS_backend/src/main/java/com/hexaco/hrms/config/DataInitializer.java:[36,35] cannot find symbol
[ERROR]   symbol:   method getDesignationName()
[ERROR]   location: variable d of type com.hexaco.hrms.models.Designation
[ERROR] /C:/Documents/hrms_project/Nexora_HRMS_backend/src/main/java/com/hexaco/hrms/config/DataInitializer.java:[38,76] cannot find symbol
[ERROR]   symbol:   method builder()
[ERROR]   location: class com.hexaco.hrms.models.Designation
[ERROR] /C:/Documents/hrms_project/Nexora_HRMS_backend/src/main/java/com/hexaco/hrms/config/DataInitializer.java:[58,41] cannot find symbol
[ERROR]   symbol:   method builder()
[ERROR]   location: class com.hexaco.hrms.models.Role
[ERROR] /C:/Documents/hrms_project/Nexora_HRMS_backend/src/main/java/com/hexaco/hrms/config/DataInitializer.java:[71,37] cannot find symbol
[ERROR]   symbol:   method getDesignationName()
[ERROR]   location: variable d of type com.hexaco.hrms.models.Designation
[ERROR] /C:/Documents/hrms_project/Nexora_HRMS_backend/src/main/java/com/hexaco/hrms/config/DataInitializer.java:[73,55] cannot find symbol
[ERROR]   symbol:   method builder()
[ERROR]   location: class com.hexaco.hrms.models.Designation
[ERROR] /C:/Documents/hrms_project/Nexora_HRMS_backend/src/main/java/com/hexaco/hrms/config/DataInitializer.java:[84,31] cannot find symbol
[ERROR]   symbol:   method getEmail()
[ERROR]   location: variable e of type com.hexaco.hrms.models.Employee
[ERROR] /C:/Documents/hrms_project/Nexora_HRMS_backend/src/main/java/com/hexaco/hrms/config/DataInitializer.java:[86,66] cannot find symbol
[ERROR]   symbol:   method builder()
[ERROR]   location: class com.hexaco.hrms.models.Employee
[ERROR] /C:/Documents/hrms_project/Nexora_HRMS_backend/src/main/java/com/hexaco/hrms/config/DataInitializer.java:[109,25] cannot find symbol
[ERROR]   symbol:   method setPasswordHash(java.lang.String)
[ERROR]   location: variable user of type com.hexaco.hrms.models.UserAccount
[ERROR] /C:/Documents/hrms_project/Nexora_HRMS_backend/src/main/java/com/hexaco/hrms/config/DataInitializer.java:[112,61] cannot find symbol
[ERROR]   symbol:   method builder()
[ERROR]   location: class com.hexaco.hrms.models.UserAccount
[ERROR] /C:/Documents/hrms_project/Nexora_HRMS_backend/src/main/java/com/hexaco/hrms/config/DataInitializer.java:[124,25] cannot find symbol
[ERROR]   symbol:   method setPasswordHash(java.lang.String)
[ERROR]   location: variable user of type com.hexaco.hrms.models.UserAccount
[ERROR] /C:/Documents/hrms_project/Nexora_HRMS_backend/src/main/java/com/hexaco/hrms/config/DataInitializer.java:[127,61] cannot find symbol
[ERROR]   symbol:   method builder()
[ERROR]   location: class com.hexaco.hrms.models.UserAccount
[ERROR] /C:/Documents/hrms_project/Nexora_HRMS_backend/src/main/java/com/hexaco/hrms/service/UserDetailsServiceImpl.java:[29,28] cannot find symbol
[ERROR]   symbol:   method getEmail()
[ERROR]   location: variable userAccount of type com.hexaco.hrms.models.UserAccount
[ERROR] /C:/Documents/hrms_project/Nexora_HRMS_backend/src/main/java/com/hexaco/hrms/service/UserDetailsServiceImpl.java:[30,28] cannot find symbol
[ERROR]   symbol:   method getPasswordHash()
[ERROR]   location: variable userAccount of type com.hexaco.hrms.models.UserAccount
[ERROR] /C:/Documents/hrms_project/Nexora_HRMS_backend/src/main/java/com/hexaco/hrms/service/UserDetailsServiceImpl.java:[31,81] cannot find symbol
[ERROR]   symbol:   method getRole()
[ERROR]   location: variable userAccount of type com.hexaco.hrms.models.UserAccount
[ERROR] /C:/Documents/hrms_project/Nexora_HRMS_backend/src/main/java/com/hexaco/hrms/rest/AuthController.java:[37,85] cannot find symbol
[ERROR]   symbol:   method getEmail()
[ERROR]   location: variable loginRequest of type com.hexaco.hrms.dto.LoginRequest
[ERROR] /C:/Documents/hrms_project/Nexora_HRMS_backend/src/main/java/com/hexaco/hrms/rest/AuthController.java:[38,61] cannot find symbol
[ERROR]   symbol:   method getPassword()
[ERROR]   location: variable loginRequest of type com.hexaco.hrms.dto.LoginRequest
[ERROR] /C:/Documents/hrms_project/Nexora_HRMS_backend/src/main/java/com/hexaco/hrms/rest/AuthController.java:[45,89] cannot find symbol
[ERROR]   symbol:   method getEmail()
[ERROR]   location: variable loginRequest of type com.hexaco.hrms.dto.LoginRequest
[ERROR] /C:/Documents/hrms_project/Nexora_HRMS_backend/src/main/java/com/hexaco/hrms/rest/AuthController.java:[70,47] cannot find symbol
[ERROR]   symbol:   method getRole()
[ERROR]   location: variable userAccount of type com.hexaco.hrms.models.UserAccount
[ERROR] /C:/Documents/hrms_project/Nexora_HRMS_backend/src/main/java/com/hexaco/hrms/rest/AuthController.java:[72,53] cannot find symbol
[ERROR]   symbol:   method getEmployee()
[ERROR]   location: variable userAccount of type com.hexaco.hrms.models.UserAccount
[ERROR] /C:/Documents/hrms_project/Nexora_HRMS_backend/src/main/java/com/hexaco/hrms/rest/AuthController.java:[75,64] cannot find symbol
[ERROR]   symbol:   method getEmail()
[ERROR]   location: variable userAccount of type com.hexaco.hrms.models.UserAccount
[ERROR] /C:/Documents/hrms_project/Nexora_HRMS_backend/src/main/java/com/hexaco/hrms/rest/AuthController.java:[79,53] cannot find symbol
[ERROR]   symbol:   method builder()
[ERROR]   location: class com.hexaco.hrms.dto.JwtResponse
[ERROR] /C:/Documents/hrms_project/Nexora_HRMS_backend/src/main/java/com/hexaco/hrms/rest/AuthController.java:[81,51] cannot find symbol
[ERROR]   symbol:   method getEmail()
[ERROR]   location: variable userAccount of type com.hexaco.hrms.models.UserAccount
[ERROR] /C:/Documents/hrms_project/Nexora_HRMS_backend/src/main/java/com/hexaco/hrms/rest/AuthController.java:[82,48] cannot find symbol
[ERROR]   symbol:   method getEmployee()
[ERROR]   location: variable userAccount of type com.hexaco.hrms.models.UserAccount
[ERROR] /C:/Documents/hrms_project/Nexora_HRMS_backend/src/main/java/com/hexaco/hrms/rest/AuthController.java:[83,50] cannot find symbol
[ERROR]   symbol:   method getRole()
[ERROR]   location: variable userAccount of type com.hexaco.hrms.models.UserAccount
[ERROR] /C:/Documents/hrms_project/Nexora_HRMS_backend/src/main/java/com/hexaco/hrms/rest/AuthController.java:[84,50] cannot find symbol
[ERROR]   symbol:   method getEmployee()
[ERROR]   location: variable userAccount of type com.hexaco.hrms.models.UserAccount
[ERROR] /C:/Documents/hrms_project/Nexora_HRMS_backend/src/main/java/com/hexaco/hrms/rest/AuthController.java:[85,57] cannot find symbol
[ERROR]   symbol:   method getEmployee()
[ERROR]   location: variable userAccount of type com.hexaco.hrms.models.UserAccount
[ERROR] /C:/Documents/hrms_project/Nexora_HRMS_backend/src/main/java/com/hexaco/hrms/rest/AuthController.java:[86,62] cannot find symbol
[ERROR]   symbol:   method getEmployee()
[ERROR]   location: variable userAccount of type com.hexaco.hrms.models.UserAccount
[ERROR] /C:/Documents/hrms_project/Nexora_HRMS_backend/src/main/java/com/hexaco/hrms/rest/AuthController.java:[97,55] cannot find symbol
[ERROR]   symbol:   method getEmployee()
[ERROR]   location: variable userAccount of type com.hexaco.hrms.models.UserAccount
[ERROR] /C:/Documents/hrms_project/Nexora_HRMS_backend/src/main/java/com/hexaco/hrms/rest/AuthController.java:[98,56] cannot find symbol
[ERROR]   symbol:   method getEmployee()
[ERROR]   location: variable userAccount of type com.hexaco.hrms.models.UserAccount
[ERROR] /C:/Documents/hrms_project/Nexora_HRMS_backend/src/main/java/com/hexaco/hrms/rest/AuthController.java:[99,52] cannot find symbol
[ERROR]   symbol:   method getEmployee()
[ERROR]   location: variable userAccount of type com.hexaco.hrms.models.UserAccount
[ERROR] /C:/Documents/hrms_project/Nexora_HRMS_backend/src/main/java/com/hexaco/hrms/service/DeathRequestService.java:[42,16] cannot find symbol
[ERROR]   symbol:   method getEmployeeIdString()
[ERROR]   location: variable dto of type com.hexaco.hrms.dto.DeathRequestDto
[ERROR] /C:/Documents/hrms_project/Nexora_HRMS_backend/src/main/java/com/hexaco/hrms/service/DeathRequestService.java:[42,54] cannot find symbol
[ERROR]   symbol:   method getEmployeeIdString()
[ERROR]   location: variable dto of type com.hexaco.hrms.dto.DeathRequestDto
[ERROR] /C:/Documents/hrms_project/Nexora_HRMS_backend/src/main/java/com/hexaco/hrms/service/DeathRequestService.java:[43,65] cannot find symbol
[ERROR]   symbol:   method getEmployeeIdString()
[ERROR]   location: variable dto of type com.hexaco.hrms.dto.DeathRequestDto
[ERROR] /C:/Documents/hrms_project/Nexora_HRMS_backend/src/main/java/com/hexaco/hrms/service/DeathRequestService.java:[44,69] cannot find symbol
[ERROR]   symbol:   method getEmployeeId()
[ERROR]   location: variable dto of type com.hexaco.hrms.dto.DeathRequestDto
[ERROR] /C:/Documents/hrms_project/Nexora_HRMS_backend/src/main/java/com/hexaco/hrms/service/DeathRequestService.java:[45,99] cannot find symbol
[ERROR]   symbol:   method getEmployeeIdString()
[ERROR]   location: variable dto of type com.hexaco.hrms.dto.DeathRequestDto
[ERROR] /C:/Documents/hrms_project/Nexora_HRMS_backend/src/main/java/com/hexaco/hrms/service/DeathRequestService.java:[47,55] cannot find symbol
[ERROR]   symbol:   method getEmployeeId()
[ERROR]   location: variable dto of type com.hexaco.hrms.dto.DeathRequestDto
[ERROR] /C:/Documents/hrms_project/Nexora_HRMS_backend/src/main/java/com/hexaco/hrms/service/DeathRequestService.java:[51,44] cannot find symbol
[ERROR]   symbol:   method builder()
[ERROR]   location: class com.hexaco.hrms.models.DeathRequest
[ERROR] /C:/Documents/hrms_project/Nexora_HRMS_backend/src/main/java/com/hexaco/hrms/service/DeathRequestService.java:[53,34] cannot find symbol
[ERROR]   symbol:   method getEmployeeName()
[ERROR]   location: variable dto of type com.hexaco.hrms.dto.DeathRequestDto
[ERROR] /C:/Documents/hrms_project/Nexora_HRMS_backend/src/main/java/com/hexaco/hrms/service/DeathRequestService.java:[54,38] cannot find symbol
[ERROR]   symbol:   method getEmployeeIdString()
[ERROR]   location: variable dto of type com.hexaco.hrms.dto.DeathRequestDto
[ERROR] /C:/Documents/hrms_project/Nexora_HRMS_backend/src/main/java/com/hexaco/hrms/service/DeathRequestService.java:[55,33] cannot find symbol
[ERROR]   symbol:   method getDateOfDeath()
[ERROR]   location: variable dto of type com.hexaco.hrms.dto.DeathRequestDto
[ERROR] /C:/Documents/hrms_project/Nexora_HRMS_backend/src/main/java/com/hexaco/hrms/service/DeathRequestService.java:[56,35] cannot find symbol
[ERROR]   symbol:   method getNatureOfDeath()
[ERROR]   location: variable dto of type com.hexaco.hrms.dto.DeathRequestDto
[ERROR] /C:/Documents/hrms_project/Nexora_HRMS_backend/src/main/java/com/hexaco/hrms/service/DeathRequestService.java:[57,35] cannot find symbol
[ERROR]   symbol:   method getRequesterName()
[ERROR]   location: variable dto of type com.hexaco.hrms.dto.DeathRequestDto
[ERROR] /C:/Documents/hrms_project/Nexora_HRMS_backend/src/main/java/com/hexaco/hrms/service/DeathRequestService.java:[58,37] cannot find symbol
[ERROR]   symbol:   method getRequesterBranch()
[ERROR]   location: variable dto of type com.hexaco.hrms.dto.DeathRequestDto
[ERROR] /C:/Documents/hrms_project/Nexora_HRMS_backend/src/main/java/com/hexaco/hrms/service/DeathRequestService.java:[59,42] cannot find symbol
[ERROR]   symbol:   method getRequesterDesignation()
[ERROR]   location: variable dto of type com.hexaco.hrms.dto.DeathRequestDto
[ERROR] /C:/Documents/hrms_project/Nexora_HRMS_backend/src/main/java/com/hexaco/hrms/service/DeathRequestService.java:[60,36] cannot find symbol
[ERROR]   symbol:   method getRequesterEmpId()
[ERROR]   location: variable dto of type com.hexaco.hrms.dto.DeathRequestDto
[ERROR] /C:/Documents/hrms_project/Nexora_HRMS_backend/src/main/java/com/hexaco/hrms/service/DeathRequestService.java:[61,29] cannot find symbol
[ERROR]   symbol:   method getAddress()
[ERROR]   location: variable dto of type com.hexaco.hrms.dto.DeathRequestDto
[ERROR] /C:/Documents/hrms_project/Nexora_HRMS_backend/src/main/java/com/hexaco/hrms/service/DeathRequestService.java:[62,35] cannot find symbol
[ERROR]   symbol:   method getContactNumber()
[ERROR]   location: variable dto of type com.hexaco.hrms.dto.DeathRequestDto
[ERROR] /C:/Documents/hrms_project/Nexora_HRMS_backend/src/main/java/com/hexaco/hrms/service/DeathRequestService.java:[63,35] cannot find symbol
[ERROR]   symbol:   method getSpecialRemark()
[ERROR]   location: variable dto of type com.hexaco.hrms.dto.DeathRequestDto
[ERROR] /C:/Documents/hrms_project/Nexora_HRMS_backend/src/main/java/com/hexaco/hrms/service/DeathRequestService.java:[64,28] cannot find symbol
[ERROR]   symbol:   method getStatus()
[ERROR]   location: variable dto of type com.hexaco.hrms.dto.DeathRequestDto
[ERROR] /C:/Documents/hrms_project/Nexora_HRMS_backend/src/main/java/com/hexaco/hrms/service/DeathRequestService.java:[64,62] cannot find symbol
[ERROR]   symbol:   method getStatus()
[ERROR]   location: variable dto of type com.hexaco.hrms.dto.DeathRequestDto
[ERROR] /C:/Documents/hrms_project/Nexora_HRMS_backend/src/main/java/com/hexaco/hrms/service/DeathRequestService.java:[65,33] cannot find symbol
[ERROR]   symbol:   method getNomineeName()
[ERROR]   location: variable dto of type com.hexaco.hrms.dto.DeathRequestDto
[ERROR] /C:/Documents/hrms_project/Nexora_HRMS_backend/src/main/java/com/hexaco/hrms/service/DeathRequestService.java:[66,33] cannot find symbol
[ERROR]   symbol:   method getNomineeBank()
[ERROR]   location: variable dto of type com.hexaco.hrms.dto.DeathRequestDto
[ERROR] /C:/Documents/hrms_project/Nexora_HRMS_backend/src/main/java/com/hexaco/hrms/service/DeathRequestService.java:[67,35] cannot find symbol
[ERROR]   symbol:   method getNomineeBranch()
[ERROR]   location: variable dto of type com.hexaco.hrms.dto.DeathRequestDto
[ERROR] /C:/Documents/hrms_project/Nexora_HRMS_backend/src/main/java/com/hexaco/hrms/service/DeathRequestService.java:[68,36] cannot find symbol
[ERROR]   symbol:   method getNomineeAccount()
[ERROR]   location: variable dto of type com.hexaco.hrms.dto.DeathRequestDto
[ERROR] /C:/Documents/hrms_project/Nexora_HRMS_backend/src/main/java/com/hexaco/hrms/service/DeathRequestService.java:[69,41] cannot find symbol
[ERROR]   symbol:   method getDeathCertificateDoc()
[ERROR]   location: variable dto of type com.hexaco.hrms.dto.DeathRequestDto
[ERROR] /C:/Documents/hrms_project/Nexora_HRMS_backend/src/main/java/com/hexaco/hrms/service/DeathRequestService.java:[70,34] cannot find symbol
[ERROR]   symbol:   method getNomineeIdDoc()
[ERROR]   location: variable dto of type com.hexaco.hrms.dto.DeathRequestDto
[ERROR] /C:/Documents/hrms_project/Nexora_HRMS_backend/src/main/java/com/hexaco/hrms/service/DeathRequestService.java:[71,38] cannot find symbol
[ERROR]   symbol:   method getRequestLetterDoc()
[ERROR]   location: variable dto of type com.hexaco.hrms.dto.DeathRequestDto
[ERROR] /C:/Documents/hrms_project/Nexora_HRMS_backend/src/main/java/com/hexaco/hrms/service/DeathRequestService.java:[72,30] cannot find symbol
[ERROR]   symbol:   method getHrRemark()
[ERROR]   location: variable dto of type com.hexaco.hrms.dto.DeathRequestDto
[ERROR] /C:/Documents/hrms_project/Nexora_HRMS_backend/src/main/java/com/hexaco/hrms/service/DeathRequestService.java:[81,35] cannot find symbol
[ERROR]   symbol:   method getNominee()
[ERROR]   location: variable employee of type com.hexaco.hrms.models.Employee
[ERROR] /C:/Documents/hrms_project/Nexora_HRMS_backend/src/main/java/com/hexaco/hrms/service/DeathRequestService.java:[84,58] cannot find symbol
[ERROR]   symbol:   method getId()
[ERROR]   location: variable employee of type com.hexaco.hrms.models.Employee
[ERROR] /C:/Documents/hrms_project/Nexora_HRMS_backend/src/main/java/com/hexaco/hrms/service/DeathRequestService.java:[87,26] cannot find symbol
[ERROR]   symbol:   method setEmployee(com.hexaco.hrms.models.Employee)
[ERROR]   location: variable n of type com.hexaco.hrms.models.Nominee
[ERROR] /C:/Documents/hrms_project/Nexora_HRMS_backend/src/main/java/com/hexaco/hrms/service/DeathRequestService.java:[92,35] cannot find symbol
[ERROR]   symbol:   method getNomineeName()
[ERROR]   location: variable dto of type com.hexaco.hrms.dto.DeathRequestDto
[ERROR] /C:/Documents/hrms_project/Nexora_HRMS_backend/src/main/java/com/hexaco/hrms/service/DeathRequestService.java:[93,36] cannot find symbol
[ERROR]   symbol:   method getNomineeRelationship()
[ERROR]   location: variable dto of type com.hexaco.hrms.dto.DeathRequestDto
[ERROR] /C:/Documents/hrms_project/Nexora_HRMS_backend/src/main/java/com/hexaco/hrms/service/DeathRequestService.java:[94,27] cannot find symbol
[ERROR]   symbol:   method getNomineeNic()
[ERROR]   location: variable dto of type com.hexaco.hrms.dto.DeathRequestDto
[ERROR] /C:/Documents/hrms_project/Nexora_HRMS_backend/src/main/java/com/hexaco/hrms/service/DeathRequestService.java:[95,31] cannot find symbol
[ERROR]   symbol:   method getNomineePhone()
[ERROR]   location: variable dto of type com.hexaco.hrms.dto.DeathRequestDto
[ERROR] /C:/Documents/hrms_project/Nexora_HRMS_backend/src/main/java/com/hexaco/hrms/service/DeathRequestService.java:[96,31] cannot find symbol
[ERROR]   symbol:   method getNomineeAddress()
[ERROR]   location: variable dto of type com.hexaco.hrms.dto.DeathRequestDto
[ERROR] /C:/Documents/hrms_project/Nexora_HRMS_backend/src/main/java/com/hexaco/hrms/service/DeathRequestService.java:[97,32] cannot find symbol
[ERROR]   symbol:   method getNomineeBank()
[ERROR]   location: variable dto of type com.hexaco.hrms.dto.DeathRequestDto
[ERROR] /C:/Documents/hrms_project/Nexora_HRMS_backend/src/main/java/com/hexaco/hrms/service/DeathRequestService.java:[98,34] cannot find symbol
[ERROR]   symbol:   method getNomineeBranch()
[ERROR]   location: variable dto of type com.hexaco.hrms.dto.DeathRequestDto
[ERROR] /C:/Documents/hrms_project/Nexora_HRMS_backend/src/main/java/com/hexaco/hrms/service/DeathRequestService.java:[99,37] cannot find symbol
[ERROR]   symbol:   method getNomineeAccount()
[ERROR]   location: variable dto of type com.hexaco.hrms.dto.DeathRequestDto
[ERROR] /C:/Documents/hrms_project/Nexora_HRMS_backend/src/main/java/com/hexaco/hrms/service/DeathRequestService.java:[109,36] cannot find symbol
[ERROR]   symbol:   method getEmployeeName()
[ERROR]   location: variable dto of type com.hexaco.hrms.dto.DeathRequestDto
[ERROR] /C:/Documents/hrms_project/Nexora_HRMS_backend/src/main/java/com/hexaco/hrms/service/DeathRequestService.java:[110,40] cannot find symbol
[ERROR]   symbol:   method getEmployeeIdString()
[ERROR]   location: variable dto of type com.hexaco.hrms.dto.DeathRequestDto
[ERROR] /C:/Documents/hrms_project/Nexora_HRMS_backend/src/main/java/com/hexaco/hrms/service/DeathRequestService.java:[111,35] cannot find symbol
[ERROR]   symbol:   method getDateOfDeath()
[ERROR]   location: variable dto of type com.hexaco.hrms.dto.DeathRequestDto
[ERROR] /C:/Documents/hrms_project/Nexora_HRMS_backend/src/main/java/com/hexaco/hrms/service/DeathRequestService.java:[112,37] cannot find symbol
[ERROR]   symbol:   method getNatureOfDeath()
[ERROR]   location: variable dto of type com.hexaco.hrms.dto.DeathRequestDto
[ERROR] /C:/Documents/hrms_project/Nexora_HRMS_backend/src/main/java/com/hexaco/hrms/service/DeathRequestService.java:[113,37] cannot find symbol
[ERROR]   symbol:   method getRequesterName()
[ERROR]   location: variable dto of type com.hexaco.hrms.dto.DeathRequestDto
[ERROR] /C:/Documents/hrms_project/Nexora_HRMS_backend/src/main/java/com/hexaco/hrms/service/DeathRequestService.java:[114,39] cannot find symbol
[ERROR]   symbol:   method getRequesterBranch()
[ERROR]   location: variable dto of type com.hexaco.hrms.dto.DeathRequestDto
[ERROR] /C:/Documents/hrms_project/Nexora_HRMS_backend/src/main/java/com/hexaco/hrms/service/DeathRequestService.java:[115,44] cannot find symbol
[ERROR]   symbol:   method getRequesterDesignation()
[ERROR]   location: variable dto of type com.hexaco.hrms.dto.DeathRequestDto
[ERROR] /C:/Documents/hrms_project/Nexora_HRMS_backend/src/main/java/com/hexaco/hrms/service/DeathRequestService.java:[116,38] cannot find symbol
[ERROR]   symbol:   method getRequesterEmpId()
[ERROR]   location: variable dto of type com.hexaco.hrms.dto.DeathRequestDto
[ERROR] /C:/Documents/hrms_project/Nexora_HRMS_backend/src/main/java/com/hexaco/hrms/service/DeathRequestService.java:[117,31] cannot find symbol
[ERROR]   symbol:   method getAddress()
[ERROR]   location: variable dto of type com.hexaco.hrms.dto.DeathRequestDto
[ERROR] /C:/Documents/hrms_project/Nexora_HRMS_backend/src/main/java/com/hexaco/hrms/service/DeathRequestService.java:[118,37] cannot find symbol
[ERROR]   symbol:   method getContactNumber()
[ERROR]   location: variable dto of type com.hexaco.hrms.dto.DeathRequestDto
[ERROR] /C:/Documents/hrms_project/Nexora_HRMS_backend/src/main/java/com/hexaco/hrms/service/DeathRequestService.java:[119,37] cannot find symbol
[ERROR]   symbol:   method getSpecialRemark()
[ERROR]   location: variable dto of type com.hexaco.hrms.dto.DeathRequestDto
[ERROR] /C:/Documents/hrms_project/Nexora_HRMS_backend/src/main/java/com/hexaco/hrms/service/DeathRequestService.java:[120,30] cannot find symbol
[ERROR]   symbol:   method getStatus()
[ERROR]   location: variable dto of type com.hexaco.hrms.dto.DeathRequestDto
[ERROR] /C:/Documents/hrms_project/Nexora_HRMS_backend/src/main/java/com/hexaco/hrms/service/DeathRequestService.java:[121,35] cannot find symbol
[ERROR]   symbol:   method getNomineeName()
[ERROR]   location: variable dto of type com.hexaco.hrms.dto.DeathRequestDto
[ERROR] /C:/Documents/hrms_project/Nexora_HRMS_backend/src/main/java/com/hexaco/hrms/service/DeathRequestService.java:[122,35] cannot find symbol
[ERROR]   symbol:   method getNomineeBank()
[ERROR]   location: variable dto of type com.hexaco.hrms.dto.DeathRequestDto
[ERROR] /C:/Documents/hrms_project/Nexora_HRMS_backend/src/main/java/com/hexaco/hrms/service/DeathRequestService.java:[123,37] cannot find symbol
[ERROR]   symbol:   method getNomineeBranch()
[ERROR]   location: variable dto of type com.hexaco.hrms.dto.DeathRequestDto
[ERROR] /C:/Documents/hrms_project/Nexora_HRMS_backend/src/main/java/com/hexaco/hrms/service/DeathRequestService.java:[124,38] cannot find symbol
[ERROR]   symbol:   method getNomineeAccount()
[ERROR]   location: variable dto of type com.hexaco.hrms.dto.DeathRequestDto
[ERROR] /C:/Documents/hrms_project/Nexora_HRMS_backend/src/main/java/com/hexaco/hrms/service/DeathRequestService.java:[125,43] cannot find symbol
[ERROR]   symbol:   method getDeathCertificateDoc()
[ERROR]   location: variable dto of type com.hexaco.hrms.dto.DeathRequestDto
[ERROR] /C:/Documents/hrms_project/Nexora_HRMS_backend/src/main/java/com/hexaco/hrms/service/DeathRequestService.java:[126,36] cannot find symbol
[ERROR]   symbol:   method getNomineeIdDoc()
[ERROR]   location: variable dto of type com.hexaco.hrms.dto.DeathRequestDto
[ERROR] /C:/Documents/hrms_project/Nexora_HRMS_backend/src/main/java/com/hexaco/hrms/service/DeathRequestService.java:[127,40] cannot find symbol
[ERROR]   symbol:   method getRequestLetterDoc()
[ERROR]   location: variable dto of type com.hexaco.hrms.dto.DeathRequestDto
[ERROR] /C:/Documents/hrms_project/Nexora_HRMS_backend/src/main/java/com/hexaco/hrms/service/DeathRequestService.java:[128,32] cannot find symbol
[ERROR]   symbol:   method getHrRemark()
[ERROR]   location: variable dto of type com.hexaco.hrms.dto.DeathRequestDto
[ERROR] /C:/Documents/hrms_project/Nexora_HRMS_backend/src/main/java/com/hexaco/hrms/service/DeathRequestService.java:[131,30] cannot find symbol
[ERROR]   symbol:   method getEmployee()
[ERROR]   location: variable request of type com.hexaco.hrms.models.DeathRequest
[ERROR] /C:/Documents/hrms_project/Nexora_HRMS_backend/src/main/java/com/hexaco/hrms/service/DeathRequestService.java:[142,16] cannot find symbol
[ERROR]   symbol:   method setStatus(java.lang.String)
[ERROR]   location: variable request of type com.hexaco.hrms.models.DeathRequest
[ERROR] /C:/Documents/hrms_project/Nexora_HRMS_backend/src/main/java/com/hexaco/hrms/service/DeathRequestService.java:[149,16] cannot find symbol
[ERROR]   symbol:   method setStatus(java.lang.String)
[ERROR]   location: variable request of type com.hexaco.hrms.models.DeathRequest
[ERROR] /C:/Documents/hrms_project/Nexora_HRMS_backend/src/main/java/com/hexaco/hrms/service/DeathRequestService.java:[150,16] cannot find symbol
[ERROR]   symbol:   method setHrRemark(java.lang.String)
[ERROR]   location: variable request of type com.hexaco.hrms.models.DeathRequest
[ERROR] /C:/Documents/hrms_project/Nexora_HRMS_backend/src/main/java/com/hexaco/hrms/service/DeathRequestService.java:[157,16] cannot find symbol
[ERROR]   symbol:   method setStatus(java.lang.String)
[ERROR]   location: variable request of type com.hexaco.hrms.models.DeathRequest
[ERROR] /C:/Documents/hrms_project/Nexora_HRMS_backend/src/main/java/com/hexaco/hrms/service/DeathRequestService.java:[165,16] cannot find symbol
[ERROR]   symbol:   method setStatus(java.lang.String)
[ERROR]   location: variable request of type com.hexaco.hrms.models.DeathRequest
[ERROR] /C:/Documents/hrms_project/Nexora_HRMS_backend/src/main/java/com/hexaco/hrms/service/DeathRequestService.java:[166,46] cannot find symbol
[ERROR]   symbol:   method setBoardMeetingDate(java.lang.String)
[ERROR]   location: variable request of type com.hexaco.hrms.models.DeathRequest
[ERROR] /C:/Documents/hrms_project/Nexora_HRMS_backend/src/main/java/com/hexaco/hrms/service/DeathRequestService.java:[171,31] cannot find symbol
[ERROR]   symbol:   method builder()
[ERROR]   location: class com.hexaco.hrms.dto.DeathRequestDto
[ERROR] /C:/Documents/hrms_project/Nexora_HRMS_backend/src/main/java/com/hexaco/hrms/service/DeathRequestService.java:[172,28] cannot find symbol
[ERROR]   symbol:   method getId()
[ERROR]   location: variable request of type com.hexaco.hrms.models.DeathRequest
[ERROR] /C:/Documents/hrms_project/Nexora_HRMS_backend/src/main/java/com/hexaco/hrms/service/DeathRequestService.java:[173,36] cannot find symbol
[ERROR]   symbol:   method getEmployee()
[ERROR]   location: variable request of type com.hexaco.hrms.models.DeathRequest
[ERROR] -> [Help 1]
[ERROR] 
[ERROR] To see the full stack trace of the errors, re-run Maven with the -e switch.
[ERROR] Re-run Maven using the -X switch to enable full debug logging.
[ERROR] 
[ERROR] For more information about the errors and possible solutions, please read the following articles:
[ERROR] [Help 1] http://cwiki.apache.org/confluence/display/MAVEN/MojoFailureException
